-service-1       | 2026-01-18T23:10:13.510Z DEBUG 101 --- [auth-service] [beatExecutor-%d] o.s.web.client.RestTemplate              : Accept=[application/json, application/yaml, application/*+json]
auth-service-1       | 2026-01-18T23:10:13.512Z DEBUG 101 --- [auth-service] [reshExecutor-%d] o.s.web.client.RestTemplate              : HTTP GET http://service-registry:8761/eureka/apps/delta
auth-service-1       | 2026-01-18T23:10:13.512Z DEBUG 101 --- [auth-service] [reshExecutor-%d] o.s.web.client.RestTemplate              : Accept=[application/json, application/yaml, application/*+json]
auth-service-1       | 2026-01-18T23:10:13.515Z DEBUG 101 --- [auth-service] [beatExecutor-%d] o.s.web.client.RestTemplate              : Response 200 OK
auth-service-1       | 2026-01-18T23:10:13.518Z DEBUG 101 --- [auth-service] [reshExecutor-%d] o.s.web.client.RestTemplate              : Response 200 OK
auth-service-1       | 2026-01-18T23:10:13.518Z DEBUG 101 --- [auth-service] [reshExecutor-%d] o.s.web.client.RestTemplate              : Reading to [org.springframework.cloud.netflix.eureka.http.EurekaApplications]
qr-service-1         | 2026-01-18T23:10:14.259Z DEBUG 87 --- [qr-service] [beatExecutor-%d] o.s.web.client.RestTemplate              : HTTP PUT http://service-registry:8761/eureka/apps/QR-SERVICE/861710d425bf:qr-service:8093?status=UP&lastDirtyTimestamp=1768777634240
qr-service-1         | 2026-01-18T23:10:14.259Z DEBUG 87 --- [qr-service] [beatExecutor-%d] o.s.web.client.RestTemplate              : Accept=[application/json, application/yaml, application/*+json]
qr-service-1         | 2026-01-18T23:10:14.261Z DEBUG 87 --- [qr-service] [reshExecutor-%d] o.s.web.client.RestTemplate              : HTTP GET http://service-registry:8761/eureka/apps/delta
qr-service-1         | 2026-01-18T23:10:14.261Z DEBUG 87 --- [qr-service] [reshExecutor-%d] o.s.web.client.RestTemplate              : Accept=[application/json, application/yaml, application/*+json]
qr-service-1         | 2026-01-18T23:10:14.264Z DEBUG 87 --- [qr-service] [beatExecutor-%d] o.s.web.client.RestTemplate              : Response 200 OK
qr-service-1         | 2026-01-18T23:10:14.265Z DEBUG 87 --- [qr-service] [reshExecutor-%d] o.s.web.client.RestTemplate              : Response 200 OK
qr-service-1         | 2026-01-18T23:10:14.265Z DEBUG 87 --- [qr-service] [reshExecutor-%d] o.s.web.client.RestTemplate              : Reading to [org.springframework.cloud.netflix.eureka.http.EurekaApplications]
inventory-service-1  | 2026-01-18T23:10:15.845Z DEBUG 86 --- [inventory-service] [beatExecutor-%d] o.s.web.client.RestTemplate              : HTTP PUT http://service-registry:8761/eureka/apps/INVENTORY-SERVICE/4bd91bad41da:inventory-service:8092?status=UP&lastDirtyTimestamp=1768777665857
inventory-service-1  | 2026-01-18T23:10:15.845Z DEBUG 86 --- [inventory-service] [beatExecutor-%d] o.s.web.client.RestTemplate              : Accept=[application/json, application/yaml, application/*+json]
inventory-service-1  | 2026-01-18T23:10:15.846Z DEBUG 86 --- [inventory-service] [reshExecutor-%d] o.s.web.client.RestTemplate              : HTTP GET http://service-registry:8761/eureka/apps/delta
inventory-service-1  | 2026-01-18T23:10:15.847Z DEBUG 86 --- [inventory-service] [reshExecutor-%d] o.s.web.client.RestTemplate              : Accept=[application/json, application/yaml, application/*+json]
inventory-service-1  | 2026-01-18T23:10:15.851Z DEBUG 86 --- [inventory-service] [beatExecutor-%d] o.s.web.client.RestTemplate              : Response 200 OK
inventory-service-1  | 2026-01-18T23:10:15.851Z DEBUG 86 --- [inventory-service] [reshExecutor-%d] o.s.web.client.RestTemplate              : Response 200 OK
inventory-service-1  | 2026-01-18T23:10:15.851Z DEBUG 86 --- [inventory-service] [reshExecutor-%d] o.s.web.client.RestTemplate              : Reading to [org.springframework.cloud.netflix.eureka.http.EurekaApplications]
auth-service-1       | 2026-01-18T23:10:16.910Z DEBUG 101 --- [auth-service] [nio-8090-exec-5] o.s.security.web.FilterChainProxy        : Securing GET /actuator/health
auth-service-1       | 2026-01-18T23:10:16.911Z DEBUG 101 --- [auth-service] [nio-8090-exec-5] o.s.s.w.a.AnonymousAuthenticationFilter  : Set SecurityContextHolder to anonymous SecurityContext
auth-service-1       | 2026-01-18T23:10:16.911Z DEBUG 101 --- [auth-service] [nio-8090-exec-5] o.s.security.web.FilterChainProxy        : Secured GET /actuator/health
auth-service-1       | 2026-01-18T23:10:16.911Z DEBUG 101 --- [auth-service] [nio-8090-exec-5] o.s.web.servlet.DispatcherServlet        : GET "/actuator/health", parameters={}
config-server-1      | 2026-01-18T23:10:16.931Z  INFO 90 --- [config-server] [nio-8888-exec-4] o.s.c.c.s.e.NativeEnvironmentRepository  : Adding property source: Config resource 'file [/config-repo/application.yml]' via location 'file:/config-repo/'
auth-service-1       | 2026-01-18T23:10:16.912Z DEBUG 101 --- [auth-service] [nio-8090-exec-5] s.b.a.e.w.s.WebMvcEndpointHandlerMapping : Mapped to Actuator web endpoint 'health'
auth-service-1       | 2026-01-18T23:10:16.912Z DEBUG 101 --- [auth-service] [nio-8090-exec-5] m.m.a.RequestResponseBodyMethodProcessor : Read "application/octet-stream" to []
auth-service-1       | 2026-01-18T23:10:16.913Z DEBUG 101 --- [auth-service] [nio-8090-exec-5] o.s.jdbc.datasource.DataSourceUtils      : Fetching JDBC Connection from DataSource
auth-service-1       | 2026-01-18T23:10:16.914Z DEBUG 101 --- [auth-service] [nio-8090-exec-5] o.s.jdbc.datasource.DataSourceUtils      : Fetching JDBC Connection from DataSource
auth-service-1       | 2026-01-18T23:10:16.915Z DEBUG 101 --- [auth-service] [nio-8090-exec-5] o.s.w.s.m.m.a.HttpEntityMethodProcessor  : Using 'application/vnd.spring-boot.actuator.v3+json', given [*/*] and supported [application/vnd.spring-boot.actuator.v3+json, application/vnd.spring-boot.actuator.v2+json, application/json]
auth-service-1       | 2026-01-18T23:10:16.916Z DEBUG 101 --- [auth-service] [nio-8090-exec-5] o.s.w.s.m.m.a.HttpEntityMethodProcessor  : Writing [org.springframework.boot.actuate.health.SystemHealth@1e0b7a81]
auth-service-1       | 2026-01-18T23:10:16.917Z DEBUG 101 --- [auth-service] [nio-8090-exec-5] o.s.web.servlet.DispatcherServlet        : Completed 200 OK
user-service-1       | 2026-01-18T23:10:18.213Z DEBUG 84 --- [user-service] [beatExecutor-%d] o.s.web.client.RestTemplate              : HTTP PUT http://service-registry:8761/eureka/apps/USER-SERVICE/6e3a03016c1a:user-service:8091?status=UP&lastDirtyTimestamp=1768777638205
user-service-1       | 2026-01-18T23:10:18.213Z DEBUG 84 --- [user-service] [beatExecutor-%d] o.s.web.client.RestTemplate              : Accept=[application/json, application/yaml, application/*+json]
user-service-1       | 2026-01-18T23:10:18.214Z DEBUG 84 --- [user-service] [reshExecutor-%d] o.s.web.client.RestTemplate              : HTTP GET http://service-registry:8761/eureka/apps/delta
user-service-1       | 2026-01-18T23:10:18.215Z DEBUG 84 --- [user-service] [reshExecutor-%d] o.s.web.client.RestTemplate              : Accept=[application/json, application/yaml, application/*+json]
user-service-1       | 2026-01-18T23:10:18.219Z DEBUG 84 --- [user-service] [beatExecutor-%d] o.s.web.client.RestTemplate              : Response 200 OK
user-service-1       | 2026-01-18T23:10:18.219Z DEBUG 84 --- [user-service] [reshExecutor-%d] o.s.web.client.RestTemplate              : Response 200 OK
user-service-1       | 2026-01-18T23:10:18.219Z DEBUG 84 --- [user-service] [reshExecutor-%d] o.s.web.client.RestTemplate              : Reading to [org.springframework.cloud.netflix.eureka.http.EurekaApplications]
auth-service-1       | 2026-01-18T23:10:21.967Z DEBUG 101 --- [auth-service] [nio-8090-exec-7] o.s.security.web.FilterChainProxy        : Securing GET /actuator/health
auth-service-1       | 2026-01-18T23:10:21.967Z DEBUG 101 --- [auth-service] [nio-8090-exec-7] o.s.s.w.a.AnonymousAuthenticationFilter  : Set SecurityContextHolder to anonymous SecurityContext
auth-service-1       | 2026-01-18T23:10:21.968Z DEBUG 101 --- [auth-service] [nio-8090-exec-7] o.s.security.web.FilterChainProxy        : Secured GET /actuator/health
auth-service-1       | 2026-01-18T23:10:21.968Z DEBUG 101 --- [auth-service] [nio-8090-exec-7] o.s.web.servlet.DispatcherServlet        : GET "/actuator/health", parameters={}
auth-service-1       | 2026-01-18T23:10:21.968Z DEBUG 101 --- [auth-service] [nio-8090-exec-7] s.b.a.e.w.s.WebMvcEndpointHandlerMapping : Mapped to Actuator web endpoint 'health'
auth-service-1       | 2026-01-18T23:10:21.969Z DEBUG 101 --- [auth-service] [nio-8090-exec-7] m.m.a.RequestResponseBodyMethodProcessor : Read "application/octet-stream" to []
auth-service-1       | 2026-01-18T23:10:21.970Z DEBUG 101 --- [auth-service] [nio-8090-exec-7] o.s.jdbc.datasource.DataSourceUtils      : Fetching JDBC Connection from DataSource
auth-service-1       | 2026-01-18T23:10:21.970Z DEBUG 101 --- [auth-service] [nio-8090-exec-7] o.s.jdbc.datasource.DataSourceUtils      : Fetching JDBC Connection from DataSource
auth-service-1       | 2026-01-18T23:10:21.972Z DEBUG 101 --- [auth-service] [nio-8090-exec-7] o.s.w.s.m.m.a.HttpEntityMethodProcessor  : Using 'application/vnd.spring-boot.actuator.v3+json', given [*/*] and supported [application/vnd.spring-boot.actuator.v3+json, application/vnd.spring-boot.actuator.v2+json, application/json]
config-server-1      | 2026-01-18T23:10:22.005Z  INFO 90 --- [config-server] [nio-8888-exec-6] o.s.c.c.s.e.NativeEnvironmentRepository  : Adding property source: Config resource 'file [/config-repo/application.yml]' via location 'file:/config-repo/'
auth-service-1       | 2026-01-18T23:10:21.972Z DEBUG 101 --- [auth-service] [nio-8090-exec-7] o.s.w.s.m.m.a.HttpEntityMethodProcessor  : Writing [org.springframework.boot.actuate.health.SystemHealth@7e43d076]
auth-service-1       | 2026-01-18T23:10:21.973Z DEBUG 101 --- [auth-service] [nio-8090-exec-7] o.s.web.servlet.DispatcherServlet        : Completed 200 OK
auth-service-1       | 2026-01-18T23:10:27.030Z DEBUG 101 --- [auth-service] [nio-8090-exec-8] o.s.security.web.FilterChainProxy        : Securing GET /actuator/health
auth-service-1       | 2026-01-18T23:10:27.031Z DEBUG 101 --- [auth-service] [nio-8090-exec-8] o.s.s.w.a.AnonymousAuthenticationFilter  : Set SecurityContextHolder to anonymous SecurityContext
auth-service-1       | 2026-01-18T23:10:27.031Z DEBUG 101 --- [auth-service] [nio-8090-exec-8] o.s.security.web.FilterChainProxy        : Secured GET /actuator/health
auth-service-1       | 2026-01-18T23:10:27.032Z DEBUG 101 --- [auth-service] [nio-8090-exec-8] o.s.web.servlet.DispatcherServlet        : GET "/actuator/health", parameters={}
auth-service-1       | 2026-01-18T23:10:27.032Z DEBUG 101 --- [auth-service] [nio-8090-exec-8] s.b.a.e.w.s.WebMvcEndpointHandlerMapping : Mapped to Actuator web endpoint 'health'
auth-service-1       | 2026-01-18T23:10:27.032Z DEBUG 101 --- [auth-service] [nio-8090-exec-8] m.m.a.RequestResponseBodyMethodProcessor : Read "application/octet-stream" to []
auth-service-1       | 2026-01-18T23:10:27.034Z DEBUG 101 --- [auth-service] [nio-8090-exec-8] o.s.jdbc.datasource.DataSourceUtils      : Fetching JDBC Connection from DataSource
auth-service-1       | 2026-01-18T23:10:27.034Z DEBUG 101 --- [auth-service] [nio-8090-exec-8] o.s.jdbc.datasource.DataSourceUtils      : Fetching JDBC Connection from DataSource
auth-service-1       | 2026-01-18T23:10:27.037Z DEBUG 101 --- [auth-service] [nio-8090-exec-8] o.s.w.s.m.m.a.HttpEntityMethodProcessor  : Using 'application/vnd.spring-boot.actuator.v3+json', given [*/*] and supported [application/vnd.spring-boot.actuator.v3+json, application/vnd.spring-boot.actuator.v2+json, application/json]
auth-service-1       | 2026-01-18T23:10:27.038Z DEBUG 101 --- [auth-service] [nio-8090-exec-8] o.s.w.s.m.m.a.HttpEntityMethodProcessor  : Writing [org.springframework.boot.actuate.health.SystemHealth@dcfe1cd]
auth-service-1       | 2026-01-18T23:10:27.038Z DEBUG 101 --- [auth-service] [nio-8090-exec-8] o.s.web.servlet.DispatcherServlet        : Completed 200 OK
config-server-1      | 2026-01-18T23:10:27.096Z  INFO 90 --- [config-server] [nio-8888-exec-7] o.s.c.c.s.e.NativeEnvironmentRepository  : Adding property source: Config resource 'file [/config-repo/application.yml]' via location 'file:/config-repo/'
api-gateway-1        | 2026-01-18T23:10:28.994Z DEBUG 86 --- [api-gateway] [beatExecutor-%d] o.s.web.client.RestTemplate              : HTTP PUT http://service-registry:8761/eureka/apps/API-GATEWAY/a307ff774590:api-gateway:8080?status=UP&lastDirtyTimestamp=1768777618893
api-gateway-1        | 2026-01-18T23:10:28.994Z DEBUG 86 --- [api-gateway] [beatExecutor-%d] o.s.web.client.RestTemplate              : Accept=[application/json, application/yaml, application/*+json]
api-gateway-1        | 2026-01-18T23:10:29.000Z DEBUG 86 --- [api-gateway] [beatExecutor-%d] o.s.web.client.RestTemplate              : Response 200 OK
api-gateway-1        | 2026-01-18T23:10:29.122Z DEBUG 86 --- [api-gateway] [reshExecutor-%d] o.s.web.client.RestTemplate              : HTTP GET http://service-registry:8761/eureka/apps/delta
api-gateway-1        | 2026-01-18T23:10:29.122Z DEBUG 86 --- [api-gateway] [reshExecutor-%d] o.s.web.client.RestTemplate              : Accept=[application/json, application/yaml, application/*+json]
api-gateway-1        | 2026-01-18T23:10:29.126Z DEBUG 86 --- [api-gateway] [reshExecutor-%d] o.s.web.client.RestTemplate              : Response 200 OK
api-gateway-1        | 2026-01-18T23:10:29.127Z DEBUG 86 --- [api-gateway] [reshExecutor-%d] o.s.web.client.RestTemplate              : Reading to [org.springframework.cloud.netflix.eureka.http.EurekaApplications]
api-gateway-1        | 2026-01-18T23:10:29.129Z DEBUG 86 --- [api-gateway] [reshExecutor-%d] o.s.c.g.r.RouteDefinitionRouteLocator    : RouteDefinition user-service-api applying {_genkey_0=/api/users/**} to Path
api-gateway-1        | 2026-01-18T23:10:29.130Z DEBUG 86 --- [api-gateway] [reshExecutor-%d] o.s.c.g.r.RouteDefinitionRouteLocator    : RouteDefinition user-service-api applying filter {_genkey_0=2} to StripPrefix
api-gateway-1        | 2026-01-18T23:10:29.131Z DEBUG 86 --- [api-gateway] [reshExecutor-%d] o.s.c.g.r.RouteDefinitionRouteLocator    : RouteDefinition matched: user-service-api
api-gateway-1        | 2026-01-18T23:10:29.131Z DEBUG 86 --- [api-gateway] [reshExecutor-%d] o.s.c.g.r.RouteDefinitionRouteLocator    : RouteDefinition user-service applying {_genkey_0=/users/**} to Path
api-gateway-1        | 2026-01-18T23:10:29.133Z DEBUG 86 --- [api-gateway] [reshExecutor-%d] o.s.c.g.r.RouteDefinitionRouteLocator    : RouteDefinition user-service applying filter {_genkey_0=1} to StripPrefix
api-gateway-1        | 2026-01-18T23:10:29.134Z DEBUG 86 --- [api-gateway] [reshExecutor-%d] o.s.c.g.r.RouteDefinitionRouteLocator    : RouteDefinition matched: user-service
api-gateway-1        | 2026-01-18T23:10:29.134Z DEBUG 86 --- [api-gateway] [reshExecutor-%d] o.s.c.g.r.RouteDefinitionRouteLocator    : RouteDefinition inventory-service-api applying {_genkey_0=/api/inventory/**} to Path
api-gateway-1        | 2026-01-18T23:10:29.135Z DEBUG 86 --- [api-gateway] [reshExecutor-%d] o.s.c.g.r.RouteDefinitionRouteLocator    : RouteDefinition inventory-service-api applying filter {_genkey_0=2} to StripPrefix
api-gateway-1        | 2026-01-18T23:10:29.135Z DEBUG 86 --- [api-gateway] [reshExecutor-%d] o.s.c.g.r.RouteDefinitionRouteLocator    : RouteDefinition matched: inventory-service-api
api-gateway-1        | 2026-01-18T23:10:29.135Z DEBUG 86 --- [api-gateway] [reshExecutor-%d] o.s.c.g.r.RouteDefinitionRouteLocator    : RouteDefinition inventory-service applying {_genkey_0=/inventory/**} to Path
api-gateway-1        | 2026-01-18T23:10:29.136Z DEBUG 86 --- [api-gateway] [reshExecutor-%d] o.s.c.g.r.RouteDefinitionRouteLocator    : RouteDefinition inventory-service applying filter {_genkey_0=1} to StripPrefix
api-gateway-1        | 2026-01-18T23:10:29.137Z DEBUG 86 --- [api-gateway] [reshExecutor-%d] o.s.c.g.r.RouteDefinitionRouteLocator    : RouteDefinition matched: inventory-service
api-gateway-1        | 2026-01-18T23:10:29.137Z DEBUG 86 --- [api-gateway] [reshExecutor-%d] o.s.c.g.r.RouteDefinitionRouteLocator    : RouteDefinition qr-service-api applying {_genkey_0=/api/qr/**} to Path
api-gateway-1        | 2026-01-18T23:10:29.138Z DEBUG 86 --- [api-gateway] [reshExecutor-%d] o.s.c.g.r.RouteDefinitionRouteLocator    : RouteDefinition qr-service-api applying filter {_genkey_0=2} to StripPrefix
api-gateway-1        | 2026-01-18T23:10:29.139Z DEBUG 86 --- [api-gateway] [reshExecutor-%d] o.s.c.g.r.RouteDefinitionRouteLocator    : RouteDefinition matched: qr-service-api
api-gateway-1        | 2026-01-18T23:10:29.139Z DEBUG 86 --- [api-gateway] [reshExecutor-%d] o.s.c.g.r.RouteDefinitionRouteLocator    : RouteDefinition qr-service applying {_genkey_0=/qr/**} to Path
api-gateway-1        | 2026-01-18T23:10:29.140Z DEBUG 86 --- [api-gateway] [reshExecutor-%d] o.s.c.g.r.RouteDefinitionRouteLocator    : RouteDefinition qr-service applying filter {_genkey_0=1} to StripPrefix
api-gateway-1        | 2026-01-18T23:10:29.141Z DEBUG 86 --- [api-gateway] [reshExecutor-%d] o.s.c.g.r.RouteDefinitionRouteLocator    : RouteDefinition matched: qr-service
api-gateway-1        | 2026-01-18T23:10:29.141Z DEBUG 86 --- [api-gateway] [reshExecutor-%d] o.s.c.g.r.RouteDefinitionRouteLocator    : RouteDefinition auth-service applying {_genkey_0=/auth/**} to Path
api-gateway-1        | 2026-01-18T23:10:29.142Z DEBUG 86 --- [api-gateway] [reshExecutor-%d] o.s.c.g.r.RouteDefinitionRouteLocator    : RouteDefinition auth-service applying filter {_genkey_0=1} to StripPrefix
api-gateway-1        | 2026-01-18T23:10:29.142Z DEBUG 86 --- [api-gateway] [reshExecutor-%d] o.s.c.g.r.RouteDefinitionRouteLocator    : RouteDefinition matched: auth-service
api-gateway-1        | 2026-01-18T23:10:29.143Z DEBUG 86 --- [api-gateway] [reshExecutor-%d] o.s.c.g.filter.GatewayMetricsFilter      : New routes count: 7
auth-service-1       | 2026-01-18T23:10:32.325Z DEBUG 101 --- [auth-service] [nio-8090-exec-9] o.s.security.web.FilterChainProxy        : Securing GET /actuator/health
auth-service-1       | 2026-01-18T23:10:32.326Z DEBUG 101 --- [auth-service] [nio-8090-exec-9] o.s.s.w.a.AnonymousAuthenticationFilter  : Set SecurityContextHolder to anonymous SecurityContext

config-server-1      | 2026-01-18T23:10:32.526Z  INFO 90 --- [config-server] [nio-8888-exec-8] o.s.c.c.s.e.NativeEnvironmentRepository  : Adding property source: Config resource 'file [/config-repo/application.yml]' via location 'file:/config-repo/'


auth-service-1       | 2026-01-18T23:10:32.326Z DEBUG 101 --- [auth-service] [nio-8090-exec-9] o.s.security.web.FilterChainProxy        : Secured GET /actuator/health
auth-service-1       | 2026-01-18T23:10:32.327Z DEBUG 101 --- [auth-service] [nio-8090-exec-9] o.s.web.servlet.DispatcherServlet        : GET "/actuator/health", parameters={}
auth-service-1       | 2026-01-18T23:10:32.327Z DEBUG 101 --- [auth-service] [nio-8090-exec-9] s.b.a.e.w.s.WebMvcEndpointHandlerMapping : Mapped to Actuator web endpoint 'health'
auth-service-1       | 2026-01-18T23:10:32.327Z DEBUG 101 --- [auth-service] [nio-8090-exec-9] m.m.a.RequestResponseBodyMethodProcessor : Read "application/octet-stream" to []
auth-service-1       | 2026-01-18T23:10:32.331Z DEBUG 101 --- [auth-service] [nio-8090-exec-9] o.s.jdbc.datasource.DataSourceUtils      : Fetching JDBC Connection from DataSource
auth-service-1       | 2026-01-18T23:10:32.332Z DEBUG 101 --- [auth-service] [nio-8090-exec-9] o.s.jdbc.datasource.DataSourceUtils      : Fetching JDBC Connection from DataSource
auth-service-1       | 2026-01-18T23:10:32.333Z DEBUG 101 --- [auth-service] [nio-8090-exec-9] o.s.w.s.m.m.a.HttpEntityMethodProcessor  : Using 'application/vnd.spring-boot.actuator.v3+json', given [*/*] and supported [application/vnd.spring-boot.actuator.v3+json, application/vnd.spring-boot.actuator.v2+json, application/json]
auth-service-1       | 2026-01-18T23:10:32.333Z DEBUG 101 --- [auth-service] [nio-8090-exec-9] o.s.w.s.m.m.a.HttpEntityMethodProcessor  : Writing [org.springframework.boot.actuate.health.SystemHealth@6ffc2c46]
auth-service-1       | 2026-01-18T23:10:32.334Z DEBUG 101 --- [auth-service] [nio-8090-exec-9] o.s.web.servlet.DispatcherServlet        : Completed 200 OK
api-gateway-1        | 2026-01-18T23:10:36.869Z DEBUG 86 --- [api-gateway] [r-http-epoll-10] r.n.http.server.HttpServerOperations     : [30f89dd1, L:/172.18.0.11:8080 - R:/172.18.0.1:57786] New http connection, requesting read
auth-service-1       | 2026-01-18T23:10:36.974Z DEBUG 101 --- [auth-service] [io-8090-exec-10] o.s.security.web.FilterChainProxy        : Securing POST /api/auth/register
api-gateway-1        | 2026-01-18T23:10:36.869Z DEBUG 86 --- [api-gateway] [r-http-epoll-10] r.netty.transport.TransportConfig        : [30f89dd1, L:/172.18.0.11:8080 - R:/172.18.0.1:57786] Initialized pipeline DefaultChannelPipeline{(reactor.left.httpCodec = io.netty.handler.codec.http.HttpServerCodec), (reactor.left.httpTrafficHandler = reactor.netty.http.server.HttpTrafficHandler), (reactor.right.reactiveBridge = reactor.netty.channel.ChannelOperationsHandler)}


auth-service-1       | 2026-01-18T23:10:36.975Z DEBUG 101 --- [auth-service] [io-8090-exec-10] o.s.s.w.a.AnonymousAuthenticationFilter  : Set SecurityContextHolder to anonymous SecurityContext

auth-service-1       | 2026-01-18T23:10:36.977Z DEBUG 101 --- [auth-service] [io-8090-exec-10] o.s.security.web.FilterChainProxy        : Secured POST /api/auth/registerR:/172.18.0.1:57786] Increasing pending responses count: 1


api-gateway-1        | 2026-01-18T23:10:36.884Z DEBUG 86 --- [api-gateway] [r-http-epoll-10] reactor.netty.http.server.HttpServer     : [30f89dd1-1, L:/172.18.0.11:8080 - R:/172.18.0.1:57786] Handler is being applied: org.springframework.http.server.reactive.ReactorHttpHandlerAdapter@3e8e0434
auth-service-1       | 2026-01-18T23:10:36.977Z DEBUG 101 --- [auth-service] [io-8090-exec-10] o.s.web.servlet.DispatcherServlet        : POST "/auth/api/auth/register", parameters={}
auth-service-1       | 2026-01-18T23:10:36.977Z DEBUG 101 --- [auth-service] [io-8090-exec-10] s.w.s.m.m.a.RequestMappingHandlerMapping : Mapped to com.example.authservice.auth.AuthController#register(RegisterRequest)


api-gateway-1        | 2026-01-18T23:10:36.924Z DEBUG 86 --- [api-gateway] [    parallel-11] o.s.w.s.s.DefaultWebSessionManager       : Created new WebSession.
auth-service-1       | 2026-01-18T23:10:36.986Z DEBUG 101 --- [auth-service] [io-8090-exec-10] m.m.a.RequestResponseBodyMethodProcessor : Read "application/json;charset=UTF-8" to [com.example.authservice.dto.RegisterRequest@158d489a]




api-gateway-1        | 2026-01-18T23:10:36.925Z DEBUG 86 --- [api-gateway] [    parallel-11] o.s.s.w.s.u.m.OrServerWebExchangeMatcher : Trying to match using PathMatcherServerWebExchangeMatcher{pattern='/logout', method=POST}
api-gateway-1        | 2026-01-18T23:10:36.925Z DEBUG 86 --- [api-gateway] [    parallel-11] athPatternParserServerWebExchangeMatcher : Request 'POST /auth/api/auth/register' doesn't match 'POST /logout'
api-gateway-1        | 2026-01-18T23:10:36.925Z DEBUG 86 --- [api-gateway] [    parallel-11] o.s.s.w.s.u.m.OrServerWebExchangeMatcher : No matches found
api-gateway-1        | 2026-01-18T23:10:36.925Z DEBUG 86 --- [api-gateway] [    parallel-11] o.s.s.w.s.u.m.OrServerWebExchangeMatcher : Trying to match using PathMatcherServerWebExchangeMatcher{pattern='/**', method=OPTIONS}
api-gateway-1        | 2026-01-18T23:10:36.925Z DEBUG 86 --- [api-gateway] [    parallel-11] athPatternParserServerWebExchangeMatcher : Request 'POST /auth/api/auth/register' doesn't match 'OPTIONS /**'
api-gateway-1        | 2026-01-18T23:10:36.926Z DEBUG 86 --- [api-gateway] [    parallel-11] o.s.s.w.s.u.m.OrServerWebExchangeMatcher : No matches found
api-gateway-1        | 2026-01-18T23:10:36.926Z DEBUG 86 --- [api-gateway] [    parallel-11] o.s.s.w.s.u.m.OrServerWebExchangeMatcher : Trying to match using PathMatcherServerWebExchangeMatcher{pattern='/actuator/**', method=null}
api-gateway-1        | 2026-01-18T23:10:36.926Z DEBUG 86 --- [api-gateway] [    parallel-11] athPatternParserServerWebExchangeMatcher : Request 'POST /auth/api/auth/register' doesn't match 'null /actuator/**'
api-gateway-1        | 2026-01-18T23:10:36.926Z DEBUG 86 --- [api-gateway] [    parallel-11] o.s.s.w.s.u.m.OrServerWebExchangeMatcher : No matches found
api-gateway-1        | 2026-01-18T23:10:36.926Z DEBUG 86 --- [api-gateway] [    parallel-11] o.s.s.w.s.u.m.OrServerWebExchangeMatcher : Trying to match using PathMatcherServerWebExchangeMatcher{pattern='/v3/api-docs/**', method=null}
api-gateway-1        | 2026-01-18T23:10:36.926Z DEBUG 86 --- [api-gateway] [    parallel-11] athPatternParserServerWebExchangeMatcher : Request 'POST /auth/api/auth/register' doesn't match 'null /v3/api-docs/**'
api-gateway-1        | 2026-01-18T23:10:36.926Z DEBUG 86 --- [api-gateway] [    parallel-11] o.s.s.w.s.u.m.OrServerWebExchangeMatcher : No matches found
api-gateway-1        | 2026-01-18T23:10:36.926Z DEBUG 86 --- [api-gateway] [    parallel-11] o.s.s.w.s.u.m.OrServerWebExchangeMatcher : Trying to match using PathMatcherServerWebExchangeMatcher{pattern='/swagger-ui.html', method=null}
api-gateway-1        | 2026-01-18T23:10:36.926Z DEBUG 86 --- [api-gateway] [    parallel-11] athPatternParserServerWebExchangeMatcher : Request 'POST /auth/api/auth/register' doesn't match 'null /swagger-ui.html'
api-gateway-1        | 2026-01-18T23:10:36.926Z DEBUG 86 --- [api-gateway] [    parallel-11] o.s.s.w.s.u.m.OrServerWebExchangeMatcher : No matches found
api-gateway-1        | 2026-01-18T23:10:36.926Z DEBUG 86 --- [api-gateway] [    parallel-11] o.s.s.w.s.u.m.OrServerWebExchangeMatcher : Trying to match using PathMatcherServerWebExchangeMatcher{pattern='/swagger-ui/**', method=null}
api-gateway-1        | 2026-01-18T23:10:36.926Z DEBUG 86 --- [api-gateway] [    parallel-11] athPatternParserServerWebExchangeMatcher : Request 'POST /auth/api/auth/register' doesn't match 'null /swagger-ui/**'
api-gateway-1        | 2026-01-18T23:10:36.926Z DEBUG 86 --- [api-gateway] [    parallel-11] o.s.s.w.s.u.m.OrServerWebExchangeMatcher : No matches found
api-gateway-1        | 2026-01-18T23:10:36.926Z DEBUG 86 --- [api-gateway] [    parallel-11] o.s.s.w.s.u.m.OrServerWebExchangeMatcher : Trying to match using PathMatcherServerWebExchangeMatcher{pattern='/webjars/**', method=null}
api-gateway-1        | 2026-01-18T23:10:36.926Z DEBUG 86 --- [api-gateway] [    parallel-11] athPatternParserServerWebExchangeMatcher : Request 'POST /auth/api/auth/register' doesn't match 'null /webjars/**'
api-gateway-1        | 2026-01-18T23:10:36.926Z DEBUG 86 --- [api-gateway] [    parallel-11] o.s.s.w.s.u.m.OrServerWebExchangeMatcher : No matches found
api-gateway-1        | 2026-01-18T23:10:36.926Z DEBUG 86 --- [api-gateway] [    parallel-11] o.s.s.w.s.u.m.OrServerWebExchangeMatcher : Trying to match using PathMatcherServerWebExchangeMatcher{pattern='/favicon.ico', method=null}
api-gateway-1        | 2026-01-18T23:10:36.927Z DEBUG 86 --- [api-gateway] [    parallel-11] athPatternParserServerWebExchangeMatcher : Request 'POST /auth/api/auth/register' doesn't match 'null /favicon.ico'
api-gateway-1        | 2026-01-18T23:10:36.927Z DEBUG 86 --- [api-gateway] [    parallel-11] o.s.s.w.s.u.m.OrServerWebExchangeMatcher : No matches found
api-gateway-1        | 2026-01-18T23:10:36.927Z DEBUG 86 --- [api-gateway] [    parallel-11] o.s.s.w.s.u.m.OrServerWebExchangeMatcher : Trying to match using PathMatcherServerWebExchangeMatcher{pattern='/auth/v3/api-docs', method=null}
api-gateway-1        | 2026-01-18T23:10:36.927Z DEBUG 86 --- [api-gateway] [    parallel-11] athPatternParserServerWebExchangeMatcher : Request 'POST /auth/api/auth/register' doesn't match 'null /auth/v3/api-docs'


api-gateway-1        | 2026-01-18T23:10:36.927Z DEBUG 86 --- [api-gateway] [    parallel-11] o.s.s.w.s.u.m.OrServerWebExchangeMatcher : No matches found
auth-service-1       | 2026-01-18T23:10:37.307Z DEBUG 101 --- [auth-service] [io-8090-exec-10] c.e.authservice.auth.AuthController      : POST /api/auth/register email=string@asf.c




api-gateway-1        | 2026-01-18T23:10:36.927Z DEBUG 86 --- [api-gateway] [    parallel-11] o.s.s.w.s.u.m.OrServerWebExchangeMatcher : Trying to match using PathMatcherServerWebExchangeMatcher{pattern='/auth/v3/api-docs/**', method=null}
auth-service-1       | 2026-01-18T23:10:37.318Z DEBUG 101 --- [auth-service] [io-8090-exec-10] o.s.orm.jpa.JpaTransactionManager        : Creating new transaction with name [com.example.authservice.auth.AuthService.register]: PROPAGATION_REQUIRED,ISOLATION_DEFAULT



auth-service-1       | 2026-01-18T23:10:37.320Z DEBUG 101 --- [auth-service] [io-8090-exec-10] o.s.orm.jpa.JpaTransactionManager        : Opened new EntityManager [SessionImpl(1807668189<open>)] for JPA transaction
api-gateway-1        | 2026-01-18T23:10:36.927Z DEBUG 86 --- [api-gateway] [    parallel-11] athPatternParserServerWebExchangeMatcher : Request 'POST /auth/api/auth/register' doesn't match 'null /auth/v3/api-docs/**'




auth-service-1       | 2026-01-18T23:10:37.354Z DEBUG 101 --- [auth-service] [io-8090-exec-10] o.s.orm.jpa.JpaTransactionManager        : Exposing JPA transaction as JDBC [org.springframework.orm.jpa.vendor.HibernateJpaDialect$HibernateConnectionHandle@4fe33975]
api-gateway-1        | 2026-01-18T23:10:36.927Z DEBUG 86 --- [api-gateway] [    parallel-11] o.s.s.w.s.u.m.OrServerWebExchangeMatcher : No matches found




auth-service-1       | 2026-01-18T23:10:37.360Z DEBUG 101 --- [auth-service] [io-8090-exec-10] c.example.authservice.auth.AuthService   : Register attempt: email=string@asf.c username=string
api-gateway-1        | 2026-01-18T23:10:36.927Z DEBUG 86 --- [api-gateway] [    parallel-11] o.s.s.w.s.u.m.OrServerWebExchangeMatcher : Trying to match using PathMatcherServerWebExchangeMatcher{pattern='/users/v3/api-docs', method=null}
api-gateway-1        | 2026-01-18T23:10:36.927Z DEBUG 86 --- [api-gateway] [    parallel-11] athPatternParserServerWebExchangeMatcher : Request 'POST /auth/api/auth/register' doesn't match 'null /users/v3/api-docs'
api-gateway-1        | 2026-01-18T23:10:36.927Z DEBUG 86 --- [api-gateway] [    parallel-11] o.s.s.w.s.u.m.OrServerWebExchangeMatcher : No matches found
api-gateway-1        | 2026-01-18T23:10:36.927Z DEBUG 86 --- [api-gateway] [    parallel-11] o.s.s.w.s.u.m.OrServerWebExchangeMatcher : Trying to match using PathMatcherServerWebExchangeMatcher{pattern='/users/v3/api-docs/**', method=null}
auth-service-1       | 2026-01-18T23:10:37.437Z DEBUG 101 --- [auth-service] [nio-8090-exec-4] o.s.security.web.FilterChainProxy        : Securing GET /actuator/health
api-gateway-1        | 2026-01-18T23:10:36.927Z DEBUG 86 --- [api-gateway] [    parallel-11] athPatternParserServerWebExchangeMatcher : Request 'POST /auth/api/auth/register' doesn't match 'null /users/v3/api-docs/**'
auth-service-1       | 2026-01-18T23:10:37.439Z DEBUG 101 --- [auth-service] [nio-8090-exec-4] o.s.s.w.a.AnonymousAuthenticationFilter  : Set SecurityContextHolder to anonymous SecurityContext




api-gateway-1        | 2026-01-18T23:10:36.927Z DEBUG 86 --- [api-gateway] [    parallel-11] o.s.s.w.s.u.m.OrServerWebExchangeMatcher : No matches found
auth-service-1       | 2026-01-18T23:10:37.439Z DEBUG 101 --- [auth-service] [nio-8090-exec-4] o.s.security.web.FilterChainProxy        : Secured GET /actuator/health
api-gateway-1        | 2026-01-18T23:10:36.927Z DEBUG 86 --- [api-gateway] [    parallel-11] o.s.s.w.s.u.m.OrServerWebExchangeMatcher : Trying to match using PathMatcherServerWebExchangeMatcher{pattern='/inventory/v3/api-docs', method=null}
auth-service-1       | 2026-01-18T23:10:37.440Z DEBUG 101 --- [auth-service] [nio-8090-exec-4] o.s.web.servlet.DispatcherServlet        : GET "/actuator/health", parameters={}
auth-service-1       | 2026-01-18T23:10:37.440Z DEBUG 101 --- [auth-service] [nio-8090-exec-4] s.b.a.e.w.s.WebMvcEndpointHandlerMapping : Mapped to Actuator web endpoint 'health'
api-gateway-1        | 2026-01-18T23:10:36.927Z DEBUG 86 --- [api-gateway] [    parallel-11] athPatternParserServerWebExchangeMatcher : Request 'POST /auth/api/auth/register' doesn't match 'null /inventory/v3/api-docs'


auth-service-1       | 2026-01-18T23:10:37.441Z DEBUG 101 --- [auth-service] [nio-8090-exec-4] m.m.a.RequestResponseBodyMethodProcessor : Read "application/octet-stream" to []
api-gateway-1        | 2026-01-18T23:10:36.927Z DEBUG 86 --- [api-gateway] [    parallel-11] o.s.s.w.s.u.m.OrServerWebExchangeMatcher : No matches found
api-gateway-1        | 2026-01-18T23:10:36.927Z DEBUG 86 --- [api-gateway] [    parallel-11] o.s.s.w.s.u.m.OrServerWebExchangeMatcher : Trying to match using PathMatcherServerWebExchangeMatcher{pattern='/inventory/v3/api-docs/**', method=null}
auth-service-1       | 2026-01-18T23:10:37.443Z DEBUG 101 --- [auth-service] [nio-8090-exec-4] o.s.jdbc.datasource.DataSourceUtils      : Fetching JDBC Connection from DataSource


auth-service-1       | 2026-01-18T23:10:37.444Z DEBUG 101 --- [auth-service] [nio-8090-exec-4] o.s.jdbc.datasource.DataSourceUtils      : Fetching JDBC Connection from DataSource
api-gateway-1        | 2026-01-18T23:10:36.927Z DEBUG 86 --- [api-gateway] [    parallel-11] athPatternParserServerWebExchangeMatcher : Request 'POST /auth/api/auth/register' doesn't match 'null /inventory/v3/api-docs/**'
auth-service-1       | 2026-01-18T23:10:37.445Z DEBUG 101 --- [auth-service] [nio-8090-exec-4] o.s.w.s.m.m.a.HttpEntityMethodProcessor  : Using 'application/vnd.spring-boot.actuator.v3+json', given [*/*] and supported [application/vnd.spring-boot.actuator.v3+json, application/vnd.spring-boot.actuator.v2+json, application/json]


api-gateway-1        | 2026-01-18T23:10:36.927Z DEBUG 86 --- [api-gateway] [    parallel-11] o.s.s.w.s.u.m.OrServerWebExchangeMatcher : No matches found
auth-service-1       | 2026-01-18T23:10:37.446Z DEBUG 101 --- [auth-service] [nio-8090-exec-4] o.s.w.s.m.m.a.HttpEntityMethodProcessor  : Writing [org.springframework.boot.actuate.health.SystemHealth@596f1713]


auth-service-1       | 2026-01-18T23:10:37.447Z DEBUG 101 --- [auth-service] [nio-8090-exec-4] o.s.web.servlet.DispatcherServlet        : Completed 200 OK
api-gateway-1        | 2026-01-18T23:10:36.927Z DEBUG 86 --- [api-gateway] [    parallel-11] o.s.s.w.s.u.m.OrServerWebExchangeMatcher : Trying to match using PathMatcherServerWebExchangeMatcher{pattern='/qr/v3/api-docs', method=null}
api-gateway-1        | 2026-01-18T23:10:36.927Z DEBUG 86 --- [api-gateway] [    parallel-11] athPatternParserServerWebExchangeMatcher : Request 'POST /auth/api/auth/register' doesn't match 'null /qr/v3/api-docs'
api-gateway-1        | 2026-01-18T23:10:36.927Z DEBUG 86 --- [api-gateway] [    parallel-11] o.s.s.w.s.u.m.OrServerWebExchangeMatcher : No matches found


config-server-1      | 2026-01-18T23:10:37.657Z  INFO 90 --- [config-server] [nio-8888-exec-9] o.s.c.c.s.e.NativeEnvironmentRepository  : Adding property source: Config resource 'file [/config-repo/application.yml]' via location 'file:/config-repo/'
api-gateway-1        | 2026-01-18T23:10:36.928Z DEBUG 86 --- [api-gateway] [    parallel-11] o.s.s.w.s.u.m.OrServerWebExchangeMatcher : Trying to match using PathMatcherServerWebExchangeMatcher{pattern='/qr/v3/api-docs/**', method=null}
api-gateway-1        | 2026-01-18T23:10:36.928Z DEBUG 86 --- [api-gateway] [    parallel-11] athPatternParserServerWebExchangeMatcher : Request 'POST /auth/api/auth/register' doesn't match 'null /qr/v3/api-docs/**'
api-gateway-1        | 2026-01-18T23:10:36.928Z DEBUG 86 --- [api-gateway] [    parallel-11] o.s.s.w.s.u.m.OrServerWebExchangeMatcher : No matches found
api-gateway-1        | 2026-01-18T23:10:36.928Z DEBUG 86 --- [api-gateway] [    parallel-11] o.s.s.w.s.u.m.OrServerWebExchangeMatcher : Trying to match using PathMatcherServerWebExchangeMatcher{pattern='/api/auth/**', method=null}
api-gateway-1        | 2026-01-18T23:10:36.928Z DEBUG 86 --- [api-gateway] [    parallel-11] athPatternParserServerWebExchangeMatcher : Request 'POST /auth/api/auth/register' doesn't match 'null /api/auth/**'
api-gateway-1        | 2026-01-18T23:10:36.928Z DEBUG 86 --- [api-gateway] [    parallel-11] o.s.s.w.s.u.m.OrServerWebExchangeMatcher : No matches found
api-gateway-1        | 2026-01-18T23:10:36.928Z DEBUG 86 --- [api-gateway] [    parallel-11] o.s.s.w.s.u.m.OrServerWebExchangeMatcher : Trying to match using PathMatcherServerWebExchangeMatcher{pattern='/auth/api/auth/**', method=null}
api-gateway-1        | 2026-01-18T23:10:36.928Z DEBUG 86 --- [api-gateway] [    parallel-11] athPatternParserServerWebExchangeMatcher : Checking match of request : '/auth/api/auth/register'; against '/auth/api/auth/**'
api-gateway-1        | 2026-01-18T23:10:36.928Z DEBUG 86 --- [api-gateway] [    parallel-11] o.s.s.w.s.u.m.OrServerWebExchangeMatcher : matched
api-gateway-1        | 2026-01-18T23:10:36.928Z DEBUG 86 --- [api-gateway] [    parallel-11] a.DelegatingReactiveAuthorizationManager : Checking authorization on '/auth/api/auth/register' using org.springframework.security.config.web.server.ServerHttpSecurity$AuthorizeExchangeSpec$Access$$Lambda/0x00007f5630776f00@5258862c
api-gateway-1        | 2026-01-18T23:10:36.928Z DEBUG 86 --- [api-gateway] [    parallel-11] o.s.s.w.s.a.AuthorizationWebFilter       : Authorization successful
api-gateway-1        | 2026-01-18T23:10:36.929Z DEBUG 86 --- [api-gateway] [    parallel-11] c.example.gateway.config.GatewayConfig   : No X-Trace-Id header present on request POST http://localhost:8080/auth/api/auth/register
api-gateway-1        | 2026-01-18T23:10:36.931Z DEBUG 86 --- [api-gateway] [    parallel-11] o.s.c.g.h.RoutePredicateHandlerMapping   : Route matched: auth-service
api-gateway-1        | 2026-01-18T23:10:36.931Z DEBUG 86 --- [api-gateway] [    parallel-11] o.s.c.g.h.RoutePredicateHandlerMapping   : Mapping [Exchange: POST http://localhost:8080/auth/api/auth/register] to Route{id='auth-service', uri=lb://auth-service, order=0, predicate=(RouteDefinitionRouteLocator$$Lambda/0x00007f5630911e70 && Paths: [/auth/**], match trailing slash: true), gatewayFilters=[[[StripPrefix parts = 1], order = 1]], metadata={}}
api-gateway-1        | 2026-01-18T23:10:36.931Z DEBUG 86 --- [api-gateway] [    parallel-11] o.s.c.g.h.RoutePredicateHandlerMapping   : [30f89dd1-10] Mapped to org.springframework.cloud.gateway.handler.FilteringWebHandler@35b164a8
api-gateway-1        | 2026-01-18T23:10:36.931Z DEBUG 86 --- [api-gateway] [    parallel-11] o.s.c.g.handler.FilteringWebHandler      : Sorted gatewayFilterFactories: [[GatewayFilterAdapter{delegate=org.springframework.cloud.gateway.filter.RemoveCachedBodyFilter@19ed482c}, order = -2147483648], [GatewayFilterAdapter{delegate=org.springframework.cloud.gateway.filter.AdaptCachedBodyGlobalFilter@242815db}, order = -2147482648], [GatewayFilterAdapter{delegate=org.springframework.cloud.gateway.filter.NettyWriteResponseFilter@35e748fa}, order = -1], [GatewayFilterAdapter{delegate=org.springframework.cloud.gateway.filter.ForwardPathFilter@4541f989}, order = 0], [GatewayFilterAdapter{delegate=org.springframework.cloud.gateway.filter.GatewayMetricsFilter@60f25657}, order = 0], [[StripPrefix parts = 1], order = 1], [GatewayFilterAdapter{delegate=org.springframework.cloud.gateway.filter.RouteToRequestUrlFilter@4dc36f3e}, order = 10000], [GatewayFilterAdapter{delegate=org.springframework.cloud.gateway.filter.FunctionRoutingFilter@17c2b4f}, order = 10010], [GatewayFilterAdapter{delegate=org.springframework.cloud.gateway.filter.StreamRoutingFilter@3e4d56f1}, order = 10010], [GatewayFilterAdapter{delegate=org.springframework.cloud.gateway.filter.ReactiveLoadBalancerClientFilter@4fc4987f}, order = 10150], [GatewayFilterAdapter{delegate=org.springframework.cloud.gateway.filter.LoadBalancerServiceInstanceCookieFilter@fa4704a}, order = 10151], [GatewayFilterAdapter{delegate=org.springframework.cloud.gateway.filter.WebsocketRoutingFilter@369e7525}, order = 2147483646], [GatewayFilterAdapter{delegate=org.springframework.cloud.gateway.filter.NettyRoutingFilter@5e0b3424}, order = 2147483647], [GatewayFilterAdapter{delegate=org.springframework.cloud.gateway.filter.ForwardRoutingFilter@4aeec8b6}, order = 2147483647]]
api-gateway-1        | 2026-01-18T23:10:36.944Z DEBUG 86 --- [api-gateway] [    parallel-11] g.f.h.o.ObservedRequestHttpHeadersFilter : Will instrument the HTTP request headers [Host:"localhost:8080", Content-Length:"111", sec-ch-ua-platform:""Windows"", User-Agent:"Mozilla/5.0 (Windows NT 10.0; Win64; x64) AppleWebKit/537.36 (KHTML, like Gecko) Chrome/141.0.0.0 Safari/537.36 OPR/125.0.0.0", accept:"*/*", sec-ch-ua:""Opera";v="125", "Not?A_Brand";v="8", "Chromium";v="141"", Content-Type:"application/json", sec-ch-ua-mobile:"?0", Origin:"http://localhost:8080", Sec-Fetch-Site:"same-origin", Sec-Fetch-Mode:"cors", Sec-Fetch-Dest:"empty", Accept-Encoding:"gzip, deflate, br, zstd", Accept-Language:"en-US,en;q=0.9,ar;q=0.8,id;q=0.7,ms;q=0.6", Cookie:"authjs.callback-url=http%3A%2F%2Flocalhost%3A3000%2F; authjs.csrf-token=17058d4621965f64dcc1b4021758e7df7540639c224b39d3e16e8db3fe50323e%7Cf1081212f3b456649a6adc1ba09dd82ce90385419821c0a06a145af7fa533a5e; __next_hmr_refresh_hash__=3d1172cc5a83df764197cab3b5f1eb7d944decca6d8ada10", X-Trace-Id:"8b8293cb-d7b9-4473-bbfa-cc180e486a32", Forwarded:"proto=http;host="localhost:8080";for="172.18.0.1:57786"", X-Forwarded-For:"172.18.0.1", X-Forwarded-Proto:"http", X-Forwarded-Prefix:"/auth", X-Forwarded-Port:"8080", X-Forwarded-Host:"localhost:8080"]
api-gateway-1        | 2026-01-18T23:10:36.945Z DEBUG 86 --- [api-gateway] [    parallel-11] g.f.h.o.ObservedRequestHttpHeadersFilter : Client observation  {name=http.client.requests(null), error=null, context=name='http.client.requests', contextualName='null', error='null', lowCardinalityKeyValues=[http.method='POST', http.status_code='UNKNOWN', spring.cloud.gateway.route.id='auth-service', spring.cloud.gateway.route.uri='lb://auth-service'], highCardinalityKeyValues=[http.uri='http://localhost:8080/api/auth/register'], map=[class io.micrometer.core.instrument.Timer$Sample='io.micrometer.core.instrument.Timer$Sample@78fb51d6', class io.micrometer.core.instrument.LongTaskTimer$Sample='SampleImpl{duration(seconds)=9.0155E-5, duration(nanos)=90155.0, startTimeNanos=106437788626826}'], parentObservation=org.springframework.security.web.server.ObservationWebFilterChainDecorator$PhasedObservation@7cc4ca11} created for the request. New headers are [Host:"localhost:8080", Content-Length:"111", sec-ch-ua-platform:""Windows"", User-Agent:"Mozilla/5.0 (Windows NT 10.0; Win64; x64) AppleWebKit/537.36 (KHTML, like Gecko) Chrome/141.0.0.0 Safari/537.36 OPR/125.0.0.0", accept:"*/*", sec-ch-ua:""Opera";v="125", "Not?A_Brand";v="8", "Chromium";v="141"", Content-Type:"application/json", sec-ch-ua-mobile:"?0", Origin:"http://localhost:8080", Sec-Fetch-Site:"same-origin", Sec-Fetch-Mode:"cors", Sec-Fetch-Dest:"empty", Accept-Encoding:"gzip, deflate, br, zstd", Accept-Language:"en-US,en;q=0.9,ar;q=0.8,id;q=0.7,ms;q=0.6", Cookie:"authjs.callback-url=http%3A%2F%2Flocalhost%3A3000%2F; authjs.csrf-token=17058d4621965f64dcc1b4021758e7df7540639c224b39d3e16e8db3fe50323e%7Cf1081212f3b456649a6adc1ba09dd82ce90385419821c0a06a145af7fa533a5e; __next_hmr_refresh_hash__=3d1172cc5a83df764197cab3b5f1eb7d944decca6d8ada10", X-Trace-Id:"8b8293cb-d7b9-4473-bbfa-cc180e486a32", Forwarded:"proto=http;host="localhost:8080";for="172.18.0.1:57786"", X-Forwarded-For:"172.18.0.1", X-Forwarded-Proto:"http", X-Forwarded-Prefix:"/auth", X-Forwarded-Port:"8080", X-Forwarded-Host:"localhost:8080"]
api-gateway-1        | 2026-01-18T23:10:36.959Z DEBUG 86 --- [api-gateway] [r-http-epoll-11] r.n.resources.PooledConnectionProvider   : [e87f9c89] Created a new pooled channel, now: 0 active connections, 0 inactive connections 0 pending acquire requests.
api-gateway-1        | 2026-01-18T23:10:36.960Z DEBUG 86 --- [api-gateway] [r-http-epoll-11] r.netty.transport.TransportConfig        : [e87f9c89] Initialized pipeline DefaultChannelPipeline{(reactor.left.httpCodec = io.netty.handler.codec.http.HttpClientCodec), (reactor.right.reactiveBridge = reactor.netty.channel.ChannelOperationsHandler)}
api-gateway-1        | 2026-01-18T23:10:36.961Z DEBUG 86 --- [api-gateway] [r-http-epoll-11] r.netty.transport.TransportConnector     : [e87f9c89] Connecting to [/172.18.0.12:8090].
api-gateway-1        | 2026-01-18T23:10:36.962Z DEBUG 86 --- [api-gateway] [r-http-epoll-11] r.n.r.DefaultPooledConnectionProvider    : [e87f9c89, L:/172.18.0.11:43208 - R:172.18.0.12/172.18.0.12:8090] Registering pool release on close event for channel
api-gateway-1        | 2026-01-18T23:10:36.962Z DEBUG 86 --- [api-gateway] [r-http-epoll-11] r.n.resources.PooledConnectionProvider   : [e87f9c89, L:/172.18.0.11:43208 - R:172.18.0.12/172.18.0.12:8090] Channel connected, now: 1 active connections, 0 inactive connections 0 pending acquire requests.
api-gateway-1        | 2026-01-18T23:10:36.962Z DEBUG 86 --- [api-gateway] [r-http-epoll-11] r.n.r.DefaultPooledConnectionProvider    : [e87f9c89, L:/172.18.0.11:43208 - R:172.18.0.12/172.18.0.12:8090] onStateChange(PooledConnection{channel=[id: 0xe87f9c89, L:/172.18.0.11:43208 - R:172.18.0.12/172.18.0.12:8090]}, [connected])
api-gateway-1        | 2026-01-18T23:10:36.963Z DEBUG 86 --- [api-gateway] [r-http-epoll-11] r.n.r.DefaultPooledConnectionProvider    : [e87f9c89-1, L:/172.18.0.11:43208 - R:172.18.0.12/172.18.0.12:8090] onStateChange(GET{uri=/, connection=PooledConnection{channel=[id: 0xe87f9c89, L:/172.18.0.11:43208 - R:172.18.0.12/172.18.0.12:8090]}}, [configured])
api-gateway-1        | 2026-01-18T23:10:36.963Z DEBUG 86 --- [api-gateway] [r-http-epoll-11] r.netty.http.client.HttpClientConnect    : [e87f9c89-1, L:/172.18.0.11:43208 - R:172.18.0.12/172.18.0.12:8090] Handler is being applied: {uri=http://172.18.0.12:8090/api/auth/register, method=POST}
api-gateway-1        | 2026-01-18T23:10:36.965Z DEBUG 86 --- [api-gateway] [r-http-epoll-11] r.n.r.DefaultPooledConnectionProvider    : [e87f9c89-1, L:/172.18.0.11:43208 - R:172.18.0.12/172.18.0.12:8090] onStateChange(POST{uri=/api/auth/register, connection=PooledConnection{channel=[id: 0xe87f9c89, L:/172.18.0.11:43208 - R:172.18.0.12/172.18.0.12:8090]}}, [request_prepared])
api-gateway-1        | 2026-01-18T23:10:36.971Z DEBUG 86 --- [api-gateway] [r-http-epoll-10] reactor.netty.channel.FluxReceive        : [30f89dd1-1, L:/172.18.0.11:8080 - R:/172.18.0.1:57786] [terminated=true, cancelled=false, pending=1, error=null]: subscribing inbound receiver
api-gateway-1        | 2026-01-18T23:10:36.975Z DEBUG 86 --- [api-gateway] [r-http-epoll-11] r.n.r.DefaultPooledConnectionProvider    : [e87f9c89-1, L:/172.18.0.11:43208 - R:172.18.0.12/172.18.0.12:8090] onStateChange(POST{uri=/api/auth/register, connection=PooledConnection{channel=[id: 0xe87f9c89, L:/172.18.0.11:43208 - R:172.18.0.12/172.18.0.12:8090]}}, [request_sent])
auth-service-1       | 2026-01-18T23:10:38.323Z DEBUG 101 --- [auth-service] [io-8090-exec-10] o.s.orm.jpa.JpaTransactionManager        : Found thread-bound EntityManager [SessionImpl(1807668189<open>)] for JPA transaction
auth-service-1       | 2026-01-18T23:10:38.323Z DEBUG 101 --- [auth-service] [io-8090-exec-10] o.s.orm.jpa.JpaTransactionManager        : Participating in existing transaction
auth-service-1       | 2026-01-18T23:10:38.508Z DEBUG 101 --- [auth-service] [io-8090-exec-10] o.s.c.openfeign.support.SpringEncoder    : Writing [UserCreateRequest(username=string, email=string@asf.c, fullName=string)] using [org.springframework.http.converter.json.MappingJackson2HttpMessageConverter@7e1570f3]
auth-service-1       | 2026-01-18T23:10:38.530Z DEBUG 101 --- [auth-service] [io-8090-exec-10] c.e.a.client.UserClient$Configuration    : Generating internal system token for service-to-service call
auth-service-1       | 2026-01-18T23:10:38.535Z DEBUG 101 --- [auth-service] [io-8090-exec-10] c.e.authservice.security.jwt.JwtService  : Generating access token for user=auth-service-internal
auth-service-1       | 2026-01-18T23:10:38.568Z DEBUG 101 --- [auth-service] [io-8090-exec-10] c.e.authservice.security.jwt.JwtService  : JWT secret interpreted as base64
auth-service-1       | 2026-01-18T23:10:38.638Z DEBUG 101 --- [auth-service] [io-8090-exec-10] s.c.a.AnnotationConfigApplicationContext : Refreshing LoadBalancerClientFactory-user-service
auth-service-1       | 2026-01-18T23:10:38.639Z DEBUG 101 --- [auth-service] [io-8090-exec-10] o.s.b.f.s.DefaultListableBeanFactory     : Creating shared instance of singleton bean 'org.springframework.context.annotation.internalConfigurationAnnotationProcessor'
auth-service-1       | 2026-01-18T23:10:38.709Z DEBUG 101 --- [auth-service] [io-8090-exec-10] o.s.c.e.PropertySourcesPropertyResolver  : Found key 'loadbalancer.client.name' in PropertySource 'loadbalancer' with value of type String
auth-service-1       | 2026-01-18T23:10:38.716Z DEBUG 101 --- [auth-service] [io-8090-exec-10] o.s.c.e.PropertySourcesPropertyResolver  : Found key 'loadbalancer.client.name' in PropertySource 'loadbalancer' with value of type String
auth-service-1       | 2026-01-18T23:10:38.717Z DEBUG 101 --- [auth-service] [io-8090-exec-10] o.s.c.e.PropertySourcesPropertyResolver  : Found key 'loadbalancer.client.name' in PropertySource 'loadbalancer' with value of type String
auth-service-1       | 2026-01-18T23:10:38.717Z DEBUG 101 --- [auth-service] [io-8090-exec-10] o.s.c.e.PropertySourcesPropertyResolver  : Found key 'loadbalancer.client.name' in PropertySource 'loadbalancer' with value of type String
